// Jest Snapshot v1, https://goo.gl/fbAQLP

exports[`SecurityConstruct matches snapshot 1`] = `
{
  "Parameters": {
    "BootstrapVersion": {
      "Default": "/cdk-bootstrap/hnb659fds/version",
      "Description": "Version of the CDK Bootstrap resources in this environment, automatically retrieved from SSM Parameter Store. [cdk:skip]",
      "Type": "AWS::SSM::Parameter::Value<String>",
    },
  },
  "Resources": {
    "SecurityConstructAdminReviewLambdaRole4D8EE1B6": {
      "Properties": {
        "AssumeRolePolicyDocument": {
          "Statement": [
            {
              "Action": "sts:AssumeRole",
              "Effect": "Allow",
              "Principal": {
                "Service": "lambda.amazonaws.com",
              },
            },
          ],
          "Version": "2012-10-17",
        },
        "Description": "Least-privilege role for Admin Review Lambda",
        "ManagedPolicyArns": [
          {
            "Fn::Join": [
              "",
              [
                "arn:",
                {
                  "Ref": "AWS::Partition",
                },
                ":iam::aws:policy/service-role/AWSLambdaBasicExecutionRole",
              ],
            ],
          },
        ],
      },
      "Type": "AWS::IAM::Role",
    },
    "SecurityConstructAdminReviewLambdaRoleDefaultPolicy8FE2215A": {
      "Properties": {
        "PolicyDocument": {
          "Statement": [
            {
              "Action": [
                "dynamodb:GetItem",
                "dynamodb:PutItem",
                "dynamodb:UpdateItem",
                "dynamodb:Query",
                "dynamodb:Scan",
              ],
              "Condition": {
                "ForAllValues:StringLike": {
                  "dynamodb:LeadingKeys": [
                    "USER#*",
                    "AUDIT#*",
                  ],
                },
              },
              "Effect": "Allow",
              "Resource": [
                {
                  "Fn::GetAtt": [
                    "TestTable5769773A",
                    "Arn",
                  ],
                },
                {
                  "Fn::Join": [
                    "",
                    [
                      {
                        "Fn::GetAtt": [
                          "TestTable5769773A",
                          "Arn",
                        ],
                      },
                      "/index/*",
                    ],
                  ],
                },
              ],
              "Sid": "DynamoDBAdminOperations",
            },
            {
              "Action": [
                "s3:GetObject",
                "s3:GetObjectVersion",
              ],
              "Effect": "Allow",
              "Resource": {
                "Fn::Join": [
                  "",
                  [
                    {
                      "Fn::GetAtt": [
                        "TestBucket560B80BC",
                        "Arn",
                      ],
                    },
                    "/kyc-documents/*",
                  ],
                ],
              },
              "Sid": "S3ReadKycDocuments",
            },
            {
              "Action": "events:PutEvents",
              "Condition": {
                "StringEquals": {
                  "events:source": "sachain.kyc",
                },
              },
              "Effect": "Allow",
              "Resource": {
                "Fn::Join": [
                  "",
                  [
                    "arn:aws:events:*:",
                    {
                      "Ref": "AWS::AccountId",
                    },
                    ":event-bus/*",
                  ],
                ],
              },
              "Sid": "EventBridgePutEvents",
            },
            {
              "Action": "cloudwatch:PutMetricData",
              "Condition": {
                "StringEquals": {
                  "cloudwatch:namespace": "Sachain/AdminReview",
                },
              },
              "Effect": "Allow",
              "Resource": "*",
              "Sid": "CloudWatchMetrics",
            },
            {
              "Action": [
                "xray:PutTraceSegments",
                "xray:PutTelemetryRecords",
              ],
              "Effect": "Allow",
              "Resource": "*",
              "Sid": "XRayTracing",
            },
            {
              "Action": [
                "iam:CreateRole",
                "iam:AttachRolePolicy",
                "iam:DetachRolePolicy",
                "iam:PutRolePolicy",
                "iam:DeleteRolePolicy",
                "iam:UpdateAssumeRolePolicy",
              ],
              "Effect": "Deny",
              "Resource": "*",
              "Sid": "PreventPrivilegeEscalation",
            },
          ],
          "Version": "2012-10-17",
        },
        "PolicyName": "SecurityConstructAdminReviewLambdaRoleDefaultPolicy8FE2215A",
        "Roles": [
          {
            "Ref": "SecurityConstructAdminReviewLambdaRole4D8EE1B6",
          },
        ],
      },
      "Type": "AWS::IAM::Policy",
    },
    "SecurityConstructKycProcessingLambdaRoleD9D07366": {
      "Properties": {
        "AssumeRolePolicyDocument": {
          "Statement": [
            {
              "Action": "sts:AssumeRole",
              "Effect": "Allow",
              "Principal": {
                "Service": "lambda.amazonaws.com",
              },
            },
          ],
          "Version": "2012-10-17",
        },
        "Description": "Least-privilege role for KYC Processing Lambda",
        "ManagedPolicyArns": [
          {
            "Fn::Join": [
              "",
              [
                "arn:",
                {
                  "Ref": "AWS::Partition",
                },
                ":iam::aws:policy/service-role/AWSLambdaBasicExecutionRole",
              ],
            ],
          },
        ],
      },
      "Type": "AWS::IAM::Role",
    },
    "SecurityConstructKycProcessingLambdaRoleDefaultPolicy09D03C34": {
      "Properties": {
        "PolicyDocument": {
          "Statement": [
            {
              "Action": [
                "dynamodb:GetItem",
                "dynamodb:PutItem",
                "dynamodb:UpdateItem",
                "dynamodb:Query",
              ],
              "Effect": "Allow",
              "Resource": [
                {
                  "Fn::GetAtt": [
                    "TestTable5769773A",
                    "Arn",
                  ],
                },
                {
                  "Fn::Join": [
                    "",
                    [
                      {
                        "Fn::GetAtt": [
                          "TestTable5769773A",
                          "Arn",
                        ],
                      },
                      "/index/*",
                    ],
                  ],
                },
              ],
              "Sid": "DynamoDBKycProcessing",
            },
            {
              "Action": "sns:Publish",
              "Effect": "Allow",
              "Resource": {
                "Fn::Join": [
                  "",
                  [
                    "arn:aws:sns:*:",
                    {
                      "Ref": "AWS::AccountId",
                    },
                    ":*",
                  ],
                ],
              },
              "Sid": "SNSPublish",
            },
            {
              "Action": "cloudwatch:PutMetricData",
              "Condition": {
                "StringEquals": {
                  "cloudwatch:namespace": "Sachain/KYCProcessing",
                },
              },
              "Effect": "Allow",
              "Resource": "*",
              "Sid": "CloudWatchMetrics",
            },
            {
              "Action": [
                "xray:PutTraceSegments",
                "xray:PutTelemetryRecords",
              ],
              "Effect": "Allow",
              "Resource": "*",
              "Sid": "XRayTracing",
            },
            {
              "Action": [
                "iam:CreateRole",
                "iam:AttachRolePolicy",
                "iam:DetachRolePolicy",
                "iam:PutRolePolicy",
                "iam:DeleteRolePolicy",
                "iam:UpdateAssumeRolePolicy",
              ],
              "Effect": "Deny",
              "Resource": "*",
              "Sid": "PreventPrivilegeEscalation",
            },
          ],
          "Version": "2012-10-17",
        },
        "PolicyName": "SecurityConstructKycProcessingLambdaRoleDefaultPolicy09D03C34",
        "Roles": [
          {
            "Ref": "SecurityConstructKycProcessingLambdaRoleD9D07366",
          },
        ],
      },
      "Type": "AWS::IAM::Policy",
    },
    "SecurityConstructKycUploadLambdaRole9EFBD92E": {
      "Properties": {
        "AssumeRolePolicyDocument": {
          "Statement": [
            {
              "Action": "sts:AssumeRole",
              "Effect": "Allow",
              "Principal": {
                "Service": "lambda.amazonaws.com",
              },
            },
          ],
          "Version": "2012-10-17",
        },
        "Description": "Least-privilege role for KYC Upload Lambda",
        "ManagedPolicyArns": [
          {
            "Fn::Join": [
              "",
              [
                "arn:",
                {
                  "Ref": "AWS::Partition",
                },
                ":iam::aws:policy/service-role/AWSLambdaBasicExecutionRole",
              ],
            ],
          },
        ],
      },
      "Type": "AWS::IAM::Role",
    },
    "SecurityConstructKycUploadLambdaRoleDefaultPolicy0C1B0BD0": {
      "Properties": {
        "PolicyDocument": {
          "Statement": [
            {
              "Action": [
                "dynamodb:GetItem",
                "dynamodb:PutItem",
                "dynamodb:UpdateItem",
                "dynamodb:Query",
              ],
              "Condition": {
                "ForAllValues:StringLike": {
                  "dynamodb:LeadingKeys": [
                    "USER#*",
                  ],
                },
              },
              "Effect": "Allow",
              "Resource": [
                {
                  "Fn::GetAtt": [
                    "TestTable5769773A",
                    "Arn",
                  ],
                },
                {
                  "Fn::Join": [
                    "",
                    [
                      {
                        "Fn::GetAtt": [
                          "TestTable5769773A",
                          "Arn",
                        ],
                      },
                      "/index/*",
                    ],
                  ],
                },
              ],
              "Sid": "DynamoDBKycOperations",
            },
            {
              "Action": [
                "s3:GetObject",
                "s3:PutObject",
                "s3:PutObjectAcl",
                "s3:PutObjectTagging",
                "s3:GetObjectVersion",
              ],
              "Effect": "Allow",
              "Resource": {
                "Fn::Join": [
                  "",
                  [
                    {
                      "Fn::GetAtt": [
                        "TestBucket560B80BC",
                        "Arn",
                      ],
                    },
                    "/kyc-documents/*",
                  ],
                ],
              },
              "Sid": "S3KycDocuments",
            },
            {
              "Action": [
                "s3:ListBucket",
                "s3:GetBucketLocation",
              ],
              "Condition": {
                "StringLike": {
                  "s3:prefix": [
                    "kyc-documents/*",
                  ],
                },
              },
              "Effect": "Allow",
              "Resource": {
                "Fn::GetAtt": [
                  "TestBucket560B80BC",
                  "Arn",
                ],
              },
              "Sid": "S3BucketOperations",
            },
            {
              "Action": "events:PutEvents",
              "Condition": {
                "StringEquals": {
                  "events:source": "sachain.kyc",
                },
              },
              "Effect": "Allow",
              "Resource": {
                "Fn::Join": [
                  "",
                  [
                    "arn:aws:events:*:",
                    {
                      "Ref": "AWS::AccountId",
                    },
                    ":event-bus/*",
                  ],
                ],
              },
              "Sid": "EventBridgePutEvents",
            },
            {
              "Action": "cloudwatch:PutMetricData",
              "Condition": {
                "StringEquals": {
                  "cloudwatch:namespace": "Sachain/KYCUpload",
                },
              },
              "Effect": "Allow",
              "Resource": "*",
              "Sid": "CloudWatchMetrics",
            },
            {
              "Action": [
                "xray:PutTraceSegments",
                "xray:PutTelemetryRecords",
              ],
              "Effect": "Allow",
              "Resource": "*",
              "Sid": "XRayTracing",
            },
            {
              "Action": [
                "iam:CreateRole",
                "iam:AttachRolePolicy",
                "iam:DetachRolePolicy",
                "iam:PutRolePolicy",
                "iam:DeleteRolePolicy",
                "iam:UpdateAssumeRolePolicy",
              ],
              "Effect": "Deny",
              "Resource": "*",
              "Sid": "PreventPrivilegeEscalation",
            },
          ],
          "Version": "2012-10-17",
        },
        "PolicyName": "SecurityConstructKycUploadLambdaRoleDefaultPolicy0C1B0BD0",
        "Roles": [
          {
            "Ref": "SecurityConstructKycUploadLambdaRole9EFBD92E",
          },
        ],
      },
      "Type": "AWS::IAM::Policy",
    },
    "SecurityConstructProjectCreationLambdaRole30D6B601": {
      "Properties": {
        "AssumeRolePolicyDocument": {
          "Statement": [
            {
              "Action": "sts:AssumeRole",
              "Effect": "Allow",
              "Principal": {
                "Service": "lambda.amazonaws.com",
              },
            },
          ],
          "Version": "2012-10-17",
        },
        "Description": "Least-privilege role for Project Creation Lambda",
        "ManagedPolicyArns": [
          {
            "Fn::Join": [
              "",
              [
                "arn:",
                {
                  "Ref": "AWS::Partition",
                },
                ":iam::aws:policy/service-role/AWSLambdaBasicExecutionRole",
              ],
            ],
          },
        ],
      },
      "Type": "AWS::IAM::Role",
    },
    "SecurityConstructProjectCreationLambdaRoleDefaultPolicy6D27F09E": {
      "Properties": {
        "PolicyDocument": {
          "Statement": [
            {
              "Action": [
                "dynamodb:GetItem",
                "dynamodb:PutItem",
                "dynamodb:UpdateItem",
                "dynamodb:DeleteItem",
                "dynamodb:Query",
                "dynamodb:Scan",
              ],
              "Condition": {
                "ForAllValues:StringLike": {
                  "dynamodb:LeadingKeys": [
                    "USER#*",
                    "PROJECT#*",
                    "AUDIT#*",
                    "COMPLIANCE#*",
                  ],
                },
              },
              "Effect": "Allow",
              "Resource": [
                {
                  "Fn::GetAtt": [
                    "TestTable5769773A",
                    "Arn",
                  ],
                },
                {
                  "Fn::Join": [
                    "",
                    [
                      {
                        "Fn::GetAtt": [
                          "TestTable5769773A",
                          "Arn",
                        ],
                      },
                      "/index/*",
                    ],
                  ],
                },
              ],
              "Sid": "DynamoDBProjectOperations",
            },
            {
              "Action": "events:PutEvents",
              "Condition": {
                "StringEquals": {
                  "events:source": "sachain.projects",
                },
              },
              "Effect": "Allow",
              "Resource": {
                "Fn::Join": [
                  "",
                  [
                    "arn:aws:events:*:",
                    {
                      "Ref": "AWS::AccountId",
                    },
                    ":event-bus/*",
                  ],
                ],
              },
              "Sid": "EventBridgePutEvents",
            },
            {
              "Action": "cloudwatch:PutMetricData",
              "Condition": {
                "StringEquals": {
                  "cloudwatch:namespace": "Sachain/Projects",
                },
              },
              "Effect": "Allow",
              "Resource": "*",
              "Sid": "CloudWatchMetrics",
            },
            {
              "Action": [
                "xray:PutTraceSegments",
                "xray:PutTelemetryRecords",
              ],
              "Effect": "Allow",
              "Resource": "*",
              "Sid": "XRayTracing",
            },
            {
              "Action": [
                "iam:CreateRole",
                "iam:AttachRolePolicy",
                "iam:DetachRolePolicy",
                "iam:PutRolePolicy",
                "iam:DeleteRolePolicy",
                "iam:UpdateAssumeRolePolicy",
              ],
              "Effect": "Deny",
              "Resource": "*",
              "Sid": "PreventPrivilegeEscalation",
            },
          ],
          "Version": "2012-10-17",
        },
        "PolicyName": "SecurityConstructProjectCreationLambdaRoleDefaultPolicy6D27F09E",
        "Roles": [
          {
            "Ref": "SecurityConstructProjectCreationLambdaRole30D6B601",
          },
        ],
      },
      "Type": "AWS::IAM::Policy",
    },
    "SecurityConstructStockMintingLambdaRole112E944E": {
      "Properties": {
        "AssumeRolePolicyDocument": {
          "Statement": [
            {
              "Action": "sts:AssumeRole",
              "Effect": "Allow",
              "Principal": {
                "Service": "lambda.amazonaws.com",
              },
            },
          ],
          "Version": "2012-10-17",
        },
        "Description": "Least-privilege role for Stock Minting Lambda",
        "ManagedPolicyArns": [
          {
            "Fn::Join": [
              "",
              [
                "arn:",
                {
                  "Ref": "AWS::Partition",
                },
                ":iam::aws:policy/service-role/AWSLambdaBasicExecutionRole",
              ],
            ],
          },
        ],
      },
      "Type": "AWS::IAM::Role",
    },
    "SecurityConstructStockMintingLambdaRoleDefaultPolicy31D0D15B": {
      "Properties": {
        "PolicyDocument": {
          "Statement": [
            {
              "Action": [
                "dynamodb:GetItem",
                "dynamodb:PutItem",
                "dynamodb:UpdateItem",
                "dynamodb:Query",
                "dynamodb:BatchWriteItem",
              ],
              "Condition": {
                "ForAllValues:StringLike": {
                  "dynamodb:LeadingKeys": [
                    "USER#*",
                    "PROJECT#*",
                  ],
                },
              },
              "Effect": "Allow",
              "Resource": [
                {
                  "Fn::GetAtt": [
                    "TestTable5769773A",
                    "Arn",
                  ],
                },
                {
                  "Fn::Join": [
                    "",
                    [
                      {
                        "Fn::GetAtt": [
                          "TestTable5769773A",
                          "Arn",
                        ],
                      },
                      "/index/*",
                    ],
                  ],
                },
              ],
              "Sid": "DynamoDBStockMintingOperations",
            },
            {
              "Action": "events:PutEvents",
              "Condition": {
                "StringEquals": {
                  "events:source": "sachain.stock-minting",
                },
              },
              "Effect": "Allow",
              "Resource": {
                "Fn::Join": [
                  "",
                  [
                    "arn:aws:events:*:",
                    {
                      "Ref": "AWS::AccountId",
                    },
                    ":event-bus/*",
                  ],
                ],
              },
              "Sid": "EventBridgeStockMintingEvents",
            },
            {
              "Action": "cloudwatch:PutMetricData",
              "Condition": {
                "StringEquals": {
                  "cloudwatch:namespace": [
                    "Sachain/StockMinting",
                    "Sachain/Projects",
                  ],
                },
              },
              "Effect": "Allow",
              "Resource": "*",
              "Sid": "CloudWatchStockMintingMetrics",
            },
            {
              "Action": [
                "xray:PutTraceSegments",
                "xray:PutTelemetryRecords",
              ],
              "Effect": "Allow",
              "Resource": "*",
              "Sid": "XRayTracing",
            },
            {
              "Action": [
                "iam:CreateRole",
                "iam:AttachRolePolicy",
                "iam:DetachRolePolicy",
                "iam:PutRolePolicy",
                "iam:DeleteRolePolicy",
                "iam:UpdateAssumeRolePolicy",
              ],
              "Effect": "Deny",
              "Resource": "*",
              "Sid": "PreventPrivilegeEscalation",
            },
          ],
          "Version": "2012-10-17",
        },
        "PolicyName": "SecurityConstructStockMintingLambdaRoleDefaultPolicy31D0D15B",
        "Roles": [
          {
            "Ref": "SecurityConstructStockMintingLambdaRole112E944E",
          },
        ],
      },
      "Type": "AWS::IAM::Policy",
    },
    "SecurityConstructStockMintingStatusLambdaRole7E312544": {
      "Properties": {
        "AssumeRolePolicyDocument": {
          "Statement": [
            {
              "Action": "sts:AssumeRole",
              "Effect": "Allow",
              "Principal": {
                "Service": "lambda.amazonaws.com",
              },
            },
          ],
          "Version": "2012-10-17",
        },
        "Description": "Least-privilege role for Stock Minting Status Lambda",
        "ManagedPolicyArns": [
          {
            "Fn::Join": [
              "",
              [
                "arn:",
                {
                  "Ref": "AWS::Partition",
                },
                ":iam::aws:policy/service-role/AWSLambdaBasicExecutionRole",
              ],
            ],
          },
        ],
      },
      "Type": "AWS::IAM::Role",
    },
    "SecurityConstructStockMintingStatusLambdaRoleDefaultPolicy18FCAFBF": {
      "Properties": {
        "PolicyDocument": {
          "Statement": [
            {
              "Action": [
                "dynamodb:GetItem",
                "dynamodb:Query",
              ],
              "Condition": {
                "ForAllValues:StringLike": {
                  "dynamodb:LeadingKeys": [
                    "USER#*",
                    "PROJECT#*",
                  ],
                },
              },
              "Effect": "Allow",
              "Resource": [
                {
                  "Fn::GetAtt": [
                    "TestTable5769773A",
                    "Arn",
                  ],
                },
                {
                  "Fn::Join": [
                    "",
                    [
                      {
                        "Fn::GetAtt": [
                          "TestTable5769773A",
                          "Arn",
                        ],
                      },
                      "/index/*",
                    ],
                  ],
                },
              ],
              "Sid": "DynamoDBStockMintingStatusOperations",
            },
            {
              "Action": "cloudwatch:PutMetricData",
              "Condition": {
                "StringEquals": {
                  "cloudwatch:namespace": "Sachain/StockMintingStatus",
                },
              },
              "Effect": "Allow",
              "Resource": "*",
              "Sid": "CloudWatchStockMintingStatusMetrics",
            },
            {
              "Action": [
                "xray:PutTraceSegments",
                "xray:PutTelemetryRecords",
              ],
              "Effect": "Allow",
              "Resource": "*",
              "Sid": "XRayTracing",
            },
            {
              "Action": [
                "iam:CreateRole",
                "iam:AttachRolePolicy",
                "iam:DetachRolePolicy",
                "iam:PutRolePolicy",
                "iam:DeleteRolePolicy",
                "iam:UpdateAssumeRolePolicy",
              ],
              "Effect": "Deny",
              "Resource": "*",
              "Sid": "PreventPrivilegeEscalation",
            },
          ],
          "Version": "2012-10-17",
        },
        "PolicyName": "SecurityConstructStockMintingStatusLambdaRoleDefaultPolicy18FCAFBF",
        "Roles": [
          {
            "Ref": "SecurityConstructStockMintingStatusLambdaRole7E312544",
          },
        ],
      },
      "Type": "AWS::IAM::Policy",
    },
    "SecurityConstructUserNotificationLambdaRole6AB4A855": {
      "Properties": {
        "AssumeRolePolicyDocument": {
          "Statement": [
            {
              "Action": "sts:AssumeRole",
              "Effect": "Allow",
              "Principal": {
                "Service": "lambda.amazonaws.com",
              },
            },
          ],
          "Version": "2012-10-17",
        },
        "Description": "Least-privilege role for User Notification Lambda",
        "ManagedPolicyArns": [
          {
            "Fn::Join": [
              "",
              [
                "arn:",
                {
                  "Ref": "AWS::Partition",
                },
                ":iam::aws:policy/service-role/AWSLambdaBasicExecutionRole",
              ],
            ],
          },
        ],
      },
      "Type": "AWS::IAM::Role",
    },
    "SecurityConstructUserNotificationLambdaRoleDefaultPolicy443AC1DF": {
      "Properties": {
        "PolicyDocument": {
          "Statement": [
            {
              "Action": [
                "dynamodb:GetItem",
                "dynamodb:Query",
              ],
              "Condition": {
                "ForAllValues:StringLike": {
                  "dynamodb:LeadingKeys": [
                    "USER#*",
                  ],
                },
                "StringEquals": {
                  "dynamodb:Select": [
                    "ALL_ATTRIBUTES",
                  ],
                },
              },
              "Effect": "Allow",
              "Resource": [
                {
                  "Fn::GetAtt": [
                    "TestTable5769773A",
                    "Arn",
                  ],
                },
                {
                  "Fn::Join": [
                    "",
                    [
                      {
                        "Fn::GetAtt": [
                          "TestTable5769773A",
                          "Arn",
                        ],
                      },
                      "/index/*",
                    ],
                  ],
                },
              ],
              "Sid": "DynamoDBReadUserProfiles",
            },
            {
              "Action": "ses:SendEmail",
              "Effect": "Allow",
              "Resource": [
                {
                  "Fn::Join": [
                    "",
                    [
                      "arn:aws:ses:",
                      {
                        "Ref": "AWS::Region",
                      },
                      ":",
                      {
                        "Ref": "AWS::AccountId",
                      },
                      ":identity/emmasandjio.com",
                    ],
                  ],
                },
                {
                  "Fn::Join": [
                    "",
                    [
                      "arn:aws:ses:",
                      {
                        "Ref": "AWS::Region",
                      },
                      ":",
                      {
                        "Ref": "AWS::AccountId",
                      },
                      ":configuration-set/my-first-configuration-set",
                    ],
                  ],
                },
              ],
              "Sid": "SESNotification",
            },
            {
              "Action": "cloudwatch:PutMetricData",
              "Condition": {
                "StringEquals": {
                  "cloudwatch:namespace": "Sachain/UserNotification",
                },
              },
              "Effect": "Allow",
              "Resource": "*",
              "Sid": "CloudWatchMetrics",
            },
            {
              "Action": [
                "xray:PutTraceSegments",
                "xray:PutTelemetryRecords",
              ],
              "Effect": "Allow",
              "Resource": "*",
              "Sid": "XRayTracing",
            },
            {
              "Action": [
                "iam:CreateRole",
                "iam:AttachRolePolicy",
                "iam:DetachRolePolicy",
                "iam:PutRolePolicy",
                "iam:DeleteRolePolicy",
                "iam:UpdateAssumeRolePolicy",
              ],
              "Effect": "Deny",
              "Resource": "*",
              "Sid": "PreventPrivilegeEscalation",
            },
          ],
          "Version": "2012-10-17",
        },
        "PolicyName": "SecurityConstructUserNotificationLambdaRoleDefaultPolicy443AC1DF",
        "Roles": [
          {
            "Ref": "SecurityConstructUserNotificationLambdaRole6AB4A855",
          },
        ],
      },
      "Type": "AWS::IAM::Policy",
    },
    "TestBucket560B80BC": {
      "DeletionPolicy": "Retain",
      "Type": "AWS::S3::Bucket",
      "UpdateReplacePolicy": "Retain",
    },
    "TestTable5769773A": {
      "DeletionPolicy": "Retain",
      "Properties": {
        "AttributeDefinitions": [
          {
            "AttributeName": "PK",
            "AttributeType": "S",
          },
        ],
        "KeySchema": [
          {
            "AttributeName": "PK",
            "KeyType": "HASH",
          },
        ],
        "ProvisionedThroughput": {
          "ReadCapacityUnits": 5,
          "WriteCapacityUnits": 5,
        },
      },
      "Type": "AWS::DynamoDB::Table",
      "UpdateReplacePolicy": "Retain",
    },
  },
  "Rules": {
    "CheckBootstrapVersion": {
      "Assertions": [
        {
          "Assert": {
            "Fn::Not": [
              {
                "Fn::Contains": [
                  [
                    "1",
                    "2",
                    "3",
                    "4",
                    "5",
                  ],
                  {
                    "Ref": "BootstrapVersion",
                  },
                ],
              },
            ],
          },
          "AssertDescription": "CDK bootstrap stack version 6 required. Please run 'cdk bootstrap' with a recent version of the CDK CLI.",
        },
      ],
    },
  },
}
`;
